C51 COMPILER V9.60.0.0   MAIN                                                              06/10/2021 22:17:54 PAGE 1   


C51 COMPILER V9.60.0.0, COMPILATION OF MODULE MAIN
OBJECT MODULE PLACED IN main.OBJ
COMPILER INVOKED BY: D:\Program Files (x86)\keil\C51\BIN\C51.EXE main.c OPTIMIZE(8,SPEED) BROWSE DEBUG OBJECTEXTEND TABS
                    -(2)

line level    source

   1          /******************************************************************************
   2          *      DS18B20温度传感器实验      * 
   3          实验现象：下载程序后，数码管后4位就会显示检测的温度值 
   4          注意事项：请开发板右下角“18b20/dht11”传感器接口处，按照丝印方向插好温度传感器                                         
   5          *******************************************************************************/
   6          
   7          #include "reg52.h"       //此文件中定义了单片机的一些特殊功能寄存器
   8          #include"temp.h"  
   9          
  10          typedef unsigned int u16;   //对数据类型进行声明定义
  11          typedef unsigned char u8;
  12          
  13          sbit LSA=P2^2;
  14          sbit LSB=P2^3;
  15          sbit LSC=P2^4;
  16          
  17          sbit beep=P1^4; //fengmingqi
  18          sbit moto=P1^6;  //fengsham
  19          
  20          
  21          u8 num=0;
  22          u8 DisplayData[5]; //显示变量5个数字位
  23          u8 code smgduan[10]={0x3f,0x06,0x5b,0x4f,0x66,0x6d,0x7d,0x07,0x7f,0x6f};
  24          
  25          u8  bdata  B_DATA;       //位寄存器变量
  26          sbit  DATA0 = B_DATA^0;  //变量第0位
  27          sbit  DATA1 = B_DATA^1;  //变量第1位
  28          sbit  DATA2 = B_DATA^2;  //变量第2位
  29          
  30          int currentTemp=0;
  31          int maxTemp=30;
  32          void judge(int max,int temp){
  33   1        if(max*100>temp){
  34   2        deep=~deep;
*** ERROR C202 IN LINE 34 OF main.c: 'deep': undefined identifier
  35   2          moto=1;
  36   2        }else{
  37   2        deep=0;
*** ERROR C202 IN LINE 37 OF main.c: 'deep': undefined identifier
  38   2          moto=0;
  39   2        }
  40   1      }
  41          /*******************************************************************************
  42          * 函 数 名         : delay
  43          * 函数功能       : 延时函数，i=1时，大约延时10us
  44          *******************************************************************************/
  45          void delay(u16 i)
  46          {
  47   1        while(i--); 
  48   1      }
  49          
  50          /*******************************************************************************
  51          * 函 数 名         : datapros()
  52          * 函数功能       : 温度读取处理转换函数
C51 COMPILER V9.60.0.0   MAIN                                                              06/10/2021 22:17:54 PAGE 2   

  53          * 输    入         : temp
  54          * 输    出         : 无
  55          *******************************************************************************/
  56          void datapros(int temp)    
  57          {
  58   1          float tp;  
  59   1        if(temp < 0)        //当温度值为负数
  60   1          {
  61   2          DisplayData[0] = 0x40;    //   -
  62   2          //因为读取的温度是实际温度的补码，所以减1，再取反求出原码
  63   2          temp=temp-1;
  64   2          temp=~temp;
  65   2          tp=temp;
  66   2          temp=tp*0.0625*100+0.5; 
  67   2          //留两个小数点就*100，+0.5是四舍五入，因为C语言浮点数转换为整型的时候把小数点
  68   2          //后面的数自动去掉，不管是否大于0.5，而+0.5之后大于0.5的就是进1了，小于0.5的就
  69   2          //算加上0.5，还是在小数点后面。
  70   2          }
  71   1        else
  72   1          {     
  73   2          DisplayData[0] = 0;
  74   2          tp=temp;//因为数据处理有小数点所以将温度赋给一个浮点型变量
  75   2          //如果温度是正的那么，那么正数的原码就是补码它本身
  76   2          temp=tp*0.0625*100+0.5; 
  77   2          //留两个小数点就*100，+0.5是四舍五入，因为C语言浮点数转换为整型的时候把小数点
  78   2          //后面的数自动去掉，不管是否大于0.5，而+0.5之后大于0.5的就是进1了，小于0.5的就
  79   2          //算加上0.5，还是在小数点后面。
  80   2            currentTemp=temp;
  81   2            
  82   2        }
  83   1        DisplayData[1] = smgduan[temp % 10000 / 1000];   //2xxx
  84   1        DisplayData[2] = smgduan[temp % 1000 / 100] | 0X80;  //x2xx
  85   1        DisplayData[3] = smgduan[temp % 100 / 10];  //xx2x
  86   1        DisplayData[4] = smgduan[temp % 10 / 1];  //xxx2
  87   1        
  88   1      }
  89          
  90          /*******************************************************************************
  91          * 函数名         :DigDisplay()
  92          * 函数功能     :数码管显示函数
  93          * 输入           : 无
  94          * 输出           : 无
  95          *******************************************************************************/
  96          void DigDisplay()
  97          {
  98   1        u8 i;
  99   1        for(i=0;i<5;i++)
 100   1        {
 101   2          B_DATA = i+3;   //位选，选择点亮的数码管，=0000 0***
 102   2          LSA = DATA0;
 103   2          LSB = DATA1;
 104   2          LSC = DATA2;
 105   2      
 106   2          P0=DisplayData[i];//发送数据
 107   2          delay(100);       //间隔一段时间扫描  
 108   2          P0=0x00;          //消隐
 109   2        }   
 110   1      }
 111          
 112          /*******************************************************************************
 113          * 函 数 名       : main
 114          * 函数功能     : 主函数
C51 COMPILER V9.60.0.0   MAIN                                                              06/10/2021 22:17:54 PAGE 3   

 115          * 输    入       : 无
 116          * 输    出       : 无
 117          *******************************************************************************/
 118          void main()
 119          {
 120   1        
 121   1        while(1)
 122   1        {
 123   2          datapros(Ds18b20ReadTemp());  //数据处理函数
 124   2          judge(maxTemp,currentTemp);
 125   2          DigDisplay();         //数码管显示函数
 126   2        }   
 127   1      }

C51 COMPILATION COMPLETE.  0 WARNING(S),  2 ERROR(S)
